// Jest Snapshot v1, https://goo.gl/fbAQLP

exports[`Dashboard should render correctly in "debug" mode 1`] = `
<ContextProvider
  value={null}
>
  <Dashboard
    Dashboardstate="Inbox"
    errors={Object {}}
    getMessages={[Function]}
    inbox={Array []}
    isAuthenticated={false}
    sent={Array []}
    store={
      Object {
        "dispatch": [Function],
        "getState": [Function],
        "replaceReducer": [Function],
        "subscribe": [Function],
        Symbol(observable): [Function],
      }
    }
    unread={Array []}
  />
</ContextProvider>
`;

exports[`test method test should test method 1`] = `
<section
  className="main"
>
  <Header />
  <SideBar />
  <Connect(MainBody) />
</section>
`;
