// Jest Snapshot v1, https://goo.gl/fbAQLP

exports[`Messages should render correctly all messages 1`] = `
<ContextProvider
  value={null}
>
  <MessageBody
    Dashboardstate="Inbox"
    body="viewMessages"
    errors={Object {}}
    getMessage={[Function]}
    inbox={Array []}
    isAuthenticated={false}
    sent={Array []}
    specificMessage={Object {}}
    store={
      Object {
        "dispatch": [Function],
        "getState": [Function],
        "replaceReducer": [Function],
        "subscribe": [Function],
        Symbol(observable): [Function],
      }
    }
    unread={Array []}
  />
</ContextProvider>
`;
