// Jest Snapshot v1, https://goo.gl/fbAQLP

exports[`view a message should render correctly if user wants to view a message 1`] = `
<ContextProvider
  value={null}
>
  <viewSpecificMessage
    Dashboardstate="Inbox"
    body="viewMessages"
    dispatch={[Function]}
    errors={Object {}}
    inbox={Array []}
    isAuthenticated={false}
    receiver={Object {}}
    sender={Object {}}
    sent={Array []}
    specificMessage={Object {}}
    store={
      Object {
        "dispatch": [Function],
        "getState": [Function],
        "replaceReducer": [Function],
        "subscribe": [Function],
        Symbol(observable): [Function],
      }
    }
    unread={Array []}
  />
</ContextProvider>
`;
